Archive member included to satisfy reference by file (symbol)

C:/ST/STM32CubeIDE_1.16.1/STM32CubeIDE/plugins/com.st.stm32cube.ide.mcu.externaltools.gnu-tools-for-stm32.12.3.rel1.win32_1.0.200.202406191623/tools/bin/../lib/gcc/arm-none-eabi/12.3.1/../../../../arm-none-eabi/lib/thumb/v7e-m+fp/hard\libc_nano.a(libc_a-exit.o)
                              C:/ST/STM32CubeIDE_1.16.1/STM32CubeIDE/plugins/com.st.stm32cube.ide.mcu.externaltools.gnu-tools-for-stm32.12.3.rel1.win32_1.0.200.202406191623/tools/bin/../lib/gcc/arm-none-eabi/12.3.1/../../../../arm-none-eabi/lib/thumb/v7e-m+fp/hard/crt0.o (exit)
C:/ST/STM32CubeIDE_1.16.1/STM32CubeIDE/plugins/com.st.stm32cube.ide.mcu.externaltools.gnu-tools-for-stm32.12.3.rel1.win32_1.0.200.202406191623/tools/bin/../lib/gcc/arm-none-eabi/12.3.1/../../../../arm-none-eabi/lib/thumb/v7e-m+fp/hard\libc_nano.a(libc_a-findfp.o)
                              C:/ST/STM32CubeIDE_1.16.1/STM32CubeIDE/plugins/com.st.stm32cube.ide.mcu.externaltools.gnu-tools-for-stm32.12.3.rel1.win32_1.0.200.202406191623/tools/bin/../lib/gcc/arm-none-eabi/12.3.1/../../../../arm-none-eabi/lib/thumb/v7e-m+fp/hard\libc_nano.a(libc_a-exit.o) (__stdio_exit_handler)
C:/ST/STM32CubeIDE_1.16.1/STM32CubeIDE/plugins/com.st.stm32cube.ide.mcu.externaltools.gnu-tools-for-stm32.12.3.rel1.win32_1.0.200.202406191623/tools/bin/../lib/gcc/arm-none-eabi/12.3.1/../../../../arm-none-eabi/lib/thumb/v7e-m+fp/hard\libc_nano.a(libc_a-fwalk.o)
                              C:/ST/STM32CubeIDE_1.16.1/STM32CubeIDE/plugins/com.st.stm32cube.ide.mcu.externaltools.gnu-tools-for-stm32.12.3.rel1.win32_1.0.200.202406191623/tools/bin/../lib/gcc/arm-none-eabi/12.3.1/../../../../arm-none-eabi/lib/thumb/v7e-m+fp/hard\libc_nano.a(libc_a-findfp.o) (_fwalk_sglue)
C:/ST/STM32CubeIDE_1.16.1/STM32CubeIDE/plugins/com.st.stm32cube.ide.mcu.externaltools.gnu-tools-for-stm32.12.3.rel1.win32_1.0.200.202406191623/tools/bin/../lib/gcc/arm-none-eabi/12.3.1/../../../../arm-none-eabi/lib/thumb/v7e-m+fp/hard\libc_nano.a(libc_a-stdio.o)
                              C:/ST/STM32CubeIDE_1.16.1/STM32CubeIDE/plugins/com.st.stm32cube.ide.mcu.externaltools.gnu-tools-for-stm32.12.3.rel1.win32_1.0.200.202406191623/tools/bin/../lib/gcc/arm-none-eabi/12.3.1/../../../../arm-none-eabi/lib/thumb/v7e-m+fp/hard\libc_nano.a(libc_a-findfp.o) (__sread)
C:/ST/STM32CubeIDE_1.16.1/STM32CubeIDE/plugins/com.st.stm32cube.ide.mcu.externaltools.gnu-tools-for-stm32.12.3.rel1.win32_1.0.200.202406191623/tools/bin/../lib/gcc/arm-none-eabi/12.3.1/../../../../arm-none-eabi/lib/thumb/v7e-m+fp/hard\libc_nano.a(libc_a-memset.o)
                              C:/ST/STM32CubeIDE_1.16.1/STM32CubeIDE/plugins/com.st.stm32cube.ide.mcu.externaltools.gnu-tools-for-stm32.12.3.rel1.win32_1.0.200.202406191623/tools/bin/../lib/gcc/arm-none-eabi/12.3.1/../../../../arm-none-eabi/lib/thumb/v7e-m+fp/hard/crt0.o (memset)
C:/ST/STM32CubeIDE_1.16.1/STM32CubeIDE/plugins/com.st.stm32cube.ide.mcu.externaltools.gnu-tools-for-stm32.12.3.rel1.win32_1.0.200.202406191623/tools/bin/../lib/gcc/arm-none-eabi/12.3.1/../../../../arm-none-eabi/lib/thumb/v7e-m+fp/hard\libc_nano.a(libc_a-closer.o)
                              C:/ST/STM32CubeIDE_1.16.1/STM32CubeIDE/plugins/com.st.stm32cube.ide.mcu.externaltools.gnu-tools-for-stm32.12.3.rel1.win32_1.0.200.202406191623/tools/bin/../lib/gcc/arm-none-eabi/12.3.1/../../../../arm-none-eabi/lib/thumb/v7e-m+fp/hard\libc_nano.a(libc_a-stdio.o) (_close_r)
C:/ST/STM32CubeIDE_1.16.1/STM32CubeIDE/plugins/com.st.stm32cube.ide.mcu.externaltools.gnu-tools-for-stm32.12.3.rel1.win32_1.0.200.202406191623/tools/bin/../lib/gcc/arm-none-eabi/12.3.1/../../../../arm-none-eabi/lib/thumb/v7e-m+fp/hard\libc_nano.a(libc_a-reent.o)
                              C:/ST/STM32CubeIDE_1.16.1/STM32CubeIDE/plugins/com.st.stm32cube.ide.mcu.externaltools.gnu-tools-for-stm32.12.3.rel1.win32_1.0.200.202406191623/tools/bin/../lib/gcc/arm-none-eabi/12.3.1/../../../../arm-none-eabi/lib/thumb/v7e-m+fp/hard\libc_nano.a(libc_a-closer.o) (errno)
C:/ST/STM32CubeIDE_1.16.1/STM32CubeIDE/plugins/com.st.stm32cube.ide.mcu.externaltools.gnu-tools-for-stm32.12.3.rel1.win32_1.0.200.202406191623/tools/bin/../lib/gcc/arm-none-eabi/12.3.1/../../../../arm-none-eabi/lib/thumb/v7e-m+fp/hard\libc_nano.a(libc_a-impure.o)
                              C:/ST/STM32CubeIDE_1.16.1/STM32CubeIDE/plugins/com.st.stm32cube.ide.mcu.externaltools.gnu-tools-for-stm32.12.3.rel1.win32_1.0.200.202406191623/tools/bin/../lib/gcc/arm-none-eabi/12.3.1/../../../../arm-none-eabi/lib/thumb/v7e-m+fp/hard\libc_nano.a(libc_a-reent.o) (_impure_ptr)
C:/ST/STM32CubeIDE_1.16.1/STM32CubeIDE/plugins/com.st.stm32cube.ide.mcu.externaltools.gnu-tools-for-stm32.12.3.rel1.win32_1.0.200.202406191623/tools/bin/../lib/gcc/arm-none-eabi/12.3.1/../../../../arm-none-eabi/lib/thumb/v7e-m+fp/hard\libc_nano.a(libc_a-lseekr.o)
[...]
Memory Configuration

Name             Origin             Length             Attributes
RAM              0x20000000         0x00018000         xrw
RAM2             0x10000000         0x00008000         xrw
FLASH            0x08000000         0x00100000         xr
*default*        0x00000000         0xffffffff

Linker script and memory map

LOAD C:/ST/STM32CubeIDE_1.16.1/STM32CubeIDE/plugins/com.st.stm32cube.ide.mcu.externaltools.gnu-tools-for-stm32.12.3.rel1.win32_1.0.200.202406191623/tools/bin/../lib/gcc/arm-none-eabi/12.3.1/thumb/v7e-m+fp/hard/crti.o
LOAD C:/ST/STM32CubeIDE_1.16.1/STM32CubeIDE/plugins/com.st.stm32cube.ide.mcu.externaltools.gnu-tools-for-stm32.12.3.rel1.win32_1.0.200.202406191623/tools/bin/../lib/gcc/arm-none-eabi/12.3.1/thumb/v7e-m+fp/hard/crtbegin.o
LOAD C:/ST/STM32CubeIDE_1.16.1/STM32CubeIDE/plugins/com.st.stm32cube.ide.mcu.externaltools.gnu-tools-for-stm32.12.3.rel1.win32_1.0.200.202406191623/tools/bin/../lib/gcc/arm-none-eabi/12.3.1/../../../../arm-none-eabi/lib/thumb/v7e-m+fp/hard/crt0.o
LOAD ./Core/Src/main.o
LOAD ./Core/Src/sine_table.o
LOAD ./Core/Src/stm32l4xx_hal_msp.o
LOAD ./Core/Src/stm32l4xx_it.o
LOAD ./Core/Src/syscalls.o
LOAD ./Core/Src/sysmem.o
LOAD ./Core/Src/system_stm32l4xx.o
LOAD ./Core/Startup/startup_stm32l476rgtx.o
LOAD ./Drivers/OLED/ssd1306.o
LOAD ./Drivers/OLED/ssd1306_fonts.o
LOAD ./Drivers/STM32L4xx_HAL_Driver/Src/stm32l4xx_hal.o
LOAD ./Drivers/STM32L4xx_HAL_Driver/Src/stm32l4xx_hal_cortex.o
LOAD ./Drivers/STM32L4xx_HAL_Driver/Src/stm32l4xx_hal_dma.o
LOAD ./Drivers/STM32L4xx_HAL_Driver/Src/stm32l4xx_hal_dma_ex.o
LOAD ./Drivers/STM32L4xx_HAL_Driver/Src/stm32l4xx_hal_exti.o
LOAD ./Drivers/STM32L4xx_HAL_Driver/Src/stm32l4xx_hal_flash.o
LOAD ./Drivers/STM32L4xx_HAL_Driver/Src/stm32l4xx_hal_flash_ex.o
LOAD ./Drivers/STM32L4xx_HAL_Driver/Src/stm32l4xx_hal_flash_ramfunc.o
LOAD ./Drivers/STM32L4xx_HAL_Driver/Src/stm32l4xx_hal_gpio.o
LOAD ./Drivers/STM32L4xx_HAL_Driver/Src/stm32l4xx_hal_i2c.o
LOAD ./Drivers/STM32L4xx_HAL_Driver/Src/stm32l4xx_hal_i2c_ex.o
LOAD ./Drivers/STM32L4xx_HAL_Driver/Src/stm32l4xx_hal_pwr.o
LOAD ./Drivers/STM32L4xx_HAL_Driver/Src/stm32l4xx_hal_pwr_ex.o
LOAD ./Drivers/STM32L4xx_HAL_Driver/Src/stm32l4xx_hal_rcc.o
LOAD ./Drivers/STM32L4xx_HAL_Driver/Src/stm32l4xx_hal_rcc_ex.o
LOAD ./Drivers/STM32L4xx_HAL_Driver/Src/stm32l4xx_hal_tim.o
LOAD ./Drivers/STM32L4xx_HAL_Driver/Src/stm32l4xx_hal_tim_ex.o
LOAD ./Drivers/STM32L4xx_HAL_Driver/Src/stm32l4xx_hal_uart.o
LOAD ./Drivers/STM32L4xx_HAL_Driver/Src/stm32l4xx_hal_uart_ex.o
START GROUP
LOAD C:/ST/STM32CubeIDE_1.16.1/STM32CubeIDE/plugins/com.st.stm32cube.ide.mcu.externaltools.gnu-tools-for-stm32.12.3.rel1.win32_1.0.200.202406191623/tools/bin/../lib/gcc/arm-none-eabi/12.3.1/../../../../arm-none-eabi/lib/thumb/v7e-m+fp/hard\libc_nano.a
LOAD C:/ST/STM32CubeIDE_1.16.1/STM32CubeIDE/plugins/com.st.stm32cube.ide.mcu.externaltools.gnu-tools-for-stm32.12.3.rel1.win32_1.0.200.202406191623/tools/bin/../lib/gcc/arm-none-eabi/12.3.1/../../../../arm-none-eabi/lib/thumb/v7e-m+fp/hard\libm.a
END GROUP
START GROUP
LOAD C:/ST/STM32CubeIDE_1.16.1/STM32CubeIDE/plugins/com.st.stm32cube.ide.mcu.externaltools.gnu-tools-for-stm32.12.3.rel1.win32_1.0.200.202406191623/tools/bin/../lib/gcc/arm-none-eabi/12.3.1/thumb/v7e-m+fp/hard\libgcc.a
LOAD C:/ST/STM32CubeIDE_1.16.1/STM32CubeIDE/plugins/com.st.stm32cube.ide.mcu.externaltools.gnu-tools-for-stm32.12.3.rel1.win32_1.0.200.202406191623/tools/bin/../lib/gcc/arm-none-eabi/12.3.1/../../../../arm-none-eabi/lib/thumb/v7e-m+fp/hard\libc_nano.a
END GROUP
START GROUP
LOAD C:/ST/STM32CubeIDE_1.16.1/STM32CubeIDE/plugins/com.st.stm32cube.ide.mcu.externaltools.gnu-tools-for-stm32.12.3.rel1.win32_1.0.200.202406191623/tools/bin/../lib/gcc/arm-none-eabi/12.3.1/thumb/v7e-m+fp/hard\libgcc.a
LOAD C:/ST/STM32CubeIDE_1.16.1/STM32CubeIDE/plugins/com.st.stm32cube.ide.mcu.externaltools.gnu-tools-for-stm32.12.3.rel1.win32_1.0.200.202406191623/tools/bin/../lib/gcc/arm-none-eabi/12.3.1/../../../../arm-none-eabi/lib/thumb/v7e-m+fp/hard\libc_nano.a
LOAD C:/ST/STM32CubeIDE_1.16.1/STM32CubeIDE/plugins/com.st.stm32cube.ide.mcu.externaltools.gnu-tools-for-stm32.12.3.rel1.win32_1.0.200.202406191623/tools/bin/../lib/gcc/arm-none-eabi/12.3.1/../../../../arm-none-eabi/lib/thumb/v7e-m+fp/hard\libnosys.a
END GROUP
START GROUP
LOAD C:/ST/STM32CubeIDE_1.16.1/STM32CubeIDE/plugins/com.st.stm32cube.ide.mcu.externaltools.gnu-tools-for-stm32.12.3.rel1.win32_1.0.200.202406191623/tools/bin/../lib/gcc/arm-none-eabi/12.3.1/thumb/v7e-m+fp/hard\libgcc.a
LOAD C:/ST/STM32CubeIDE_1.16.1/STM32CubeIDE/plugins/com.st.stm32cube.ide.mcu.externaltools.gnu-tools-for-stm32.12.3.rel1.win32_1.0.200.202406191623/tools/bin/../lib/gcc/arm-none-eabi/12.3.1/../../../../arm-none-eabi/lib/thumb/v7e-m+fp/hard\libc_nano.a
LOAD C:/ST/STM32CubeIDE_1.16.1/STM32CubeIDE/plugins/com.st.stm32cube.ide.mcu.externaltools.gnu-tools-for-stm32.12.3.rel1.win32_1.0.200.202406191623/tools/bin/../lib/gcc/arm-none-eabi/12.3.1/../../../../arm-none-eabi/lib/thumb/v7e-m+fp/hard\libnosys.a
END GROUP
LOAD C:/ST/STM32CubeIDE_1.16.1/STM32CubeIDE/plugins/com.st.stm32cube.ide.mcu.externaltools.gnu-tools-for-stm32.12.3.rel1.win32_1.0.200.202406191623/tools/bin/../lib/gcc/arm-none-eabi/12.3.1/thumb/v7e-m+fp/hard/crtend.o
LOAD C:/ST/STM32CubeIDE_1.16.1/STM32CubeIDE/plugins/com.st.stm32cube.ide.mcu.externaltools.gnu-tools-for-stm32.12.3.rel1.win32_1.0.200.202406191623/tools/bin/../lib/gcc/arm-none-eabi/12.3.1/thumb/v7e-m+fp/hard/crtn.o
                0x20018000                        _estack = (ORIGIN (RAM) + LENGTH (RAM))
                0x00000200                        _Min_Heap_Size = 0x200
                0x00000400                        _Min_Stack_Size = 0x400

.isr_vector     0x08000000      0x188
                0x08000000                        . = ALIGN (0x4)
 *(.isr_vector)
 .isr_vector    0x08000000      0x188 ./Core/Startup/startup_stm32l476rgtx.o
                0x08000000                g_pfnVectors
                0x08000188                        . = ALIGN (0x4)

.text           0x08000188      0x450
                0x08000188                        . = ALIGN (0x4)
 *(.text)
 .text          0x08000188       0x40 C:/ST/STM32CubeIDE_1.16.1/STM32CubeIDE/plugins/com.st.stm32cube.ide.mcu.externaltools.gnu-tools-for-stm32.12.3.rel1.win32_1.0.200.202406191623/tools/bin/../lib/gcc/arm-none-eabi/12.3.1/thumb/v7e-m+fp/hard/crtbegin.o
 *(.text*)
 .text.__NVIC_EnableIRQ
                0x080001c8       0x3c ./Core/Src/main.o
 .text.__NVIC_SetPriority
                0x08000204       0x54 ./Core/Src/main.o
 .text.main     0x08000258       0x14 ./Core/Src/main.o
                0x08000258                main
 .text.GPIO_Init
                0x0800026c       0x40 ./Core/Src/main.o
                0x0800026c                GPIO_Init
 .text.DAC_Init
                0x080002ac       0x54 ./Core/Src/main.o
                0x080002ac                DAC_Init
 .text.TIM4_Init
                0x08000300       0x80 ./Core/Src/main.o
                0x08000300                TIM4_Init
 .text.TIM4_IRQHandler
                0x08000380       0x7c ./Core/Src/main.o
                0x08000380                TIM4_IRQHandler
 .text.lookup_sine
                0x080003fc       0xb0 ./Core/Src/main.o
                0x080003fc                lookup_sine
 .text.NMI_Handler
                0x080004ac        0x8 ./Core/Src/stm32l4xx_it.o
                0x080004ac                NMI_Handler
 .text.HardFault_Handler
                0x080004b4        0x8 ./Core/Src/stm32l4xx_it.o
                0x080004b4                HardFault_Handler
 .text.MemManage_Handler
                0x080004bc        0x8 ./Core/Src/stm32l4xx_it.o
                0x080004bc                MemManage_Handler
 .text.BusFault_Handler
                0x080004c4        0x8 ./Core/Src/stm32l4xx_it.o
                0x080004c4                BusFault_Handler
 .text.UsageFault_Handler
                0x080004cc        0x8 ./Core/Src/stm32l4xx_it.o
                0x080004cc                UsageFault_Handler
 .text.SVC_Handler
                0x080004d4        0xe ./Core/Src/stm32l4xx_it.o
                0x080004d4                SVC_Handler
 .text.DebugMon_Handler
                0x080004e2        0xe ./Core/Src/stm32l4xx_it.o
                0x080004e2                DebugMon_Handler
 .text.PendSV_Handler
                0x080004f0        0xe ./Core/Src/stm32l4xx_it.o
                0x080004f0                PendSV_Handler
 *fill*         0x080004fe        0x2 
 .text.SystemInit
                0x08000500       0x24 ./Core/Src/system_stm32l4xx.o
                0x08000500                SystemInit
 .text.Reset_Handler
                0x08000524       0x50 ./Core/Startup/startup_stm32l476rgtx.o
                0x08000524                Reset_Handler
 .text.Default_Handler
                0x08000574        0x2 ./Core/Startup/startup_stm32l476rgtx.o
                0x08000574                RTC_Alarm_IRQHandler
                0x08000574                EXTI2_IRQHandler
                0x08000574                TIM8_TRG_COM_IRQHandler
                0x08000574                TIM8_CC_IRQHandler
                0x08000574                TIM1_CC_IRQHandler
                0x08000574                TSC_IRQHandler
                0x08000574                SysTick_Handler
                0x08000574                TAMP_STAMP_IRQHandler
                0x08000574                EXTI3_IRQHandler
                0x08000574                LPTIM2_IRQHandler
                0x08000574                DFSDM1_FLT1_IRQHandler
                0x08000574                I2C3_ER_IRQHandler
                0x08000574                DFSDM1_FLT2_IRQHandler
                0x08000574                EXTI0_IRQHandler
                0x08000574                I2C2_EV_IRQHandler
                0x08000574                CAN1_RX0_IRQHandler
                0x08000574                FPU_IRQHandler
                0x08000574                TIM1_UP_TIM16_IRQHandler
                0x08000574                ADC1_2_IRQHandler
                0x08000574                SPI1_IRQHandler
                0x08000574                TIM6_DAC_IRQHandler
                0x08000574                TIM8_UP_IRQHandler
                0x08000574                DMA2_Channel2_IRQHandler
                0x08000574                DMA1_Channel4_IRQHandler
                0x08000574                SAI2_IRQHandler
                0x08000574                DFSDM1_FLT3_IRQHandler
                0x08000574                USART3_IRQHandler
                0x08000574                DMA1_Channel7_IRQHandler
                0x08000574                CAN1_RX1_IRQHandler
                0x08000574                LCD_IRQHandler
                0x08000574                UART5_IRQHandler
                0x08000574                ADC3_IRQHandler
                0x08000574                DMA2_Channel1_IRQHandler
                0x08000574                QUADSPI_IRQHandler
                0x08000574                I2C1_EV_IRQHandler
                0x08000574                DMA1_Channel6_IRQHandler
                0x08000574                UART4_IRQHandler
                0x08000574                DMA2_Channel4_IRQHandler
                0x08000574                TIM3_IRQHandler
                0x08000574                RCC_IRQHandler
                0x08000574                DMA1_Channel1_IRQHandler
                0x08000574                Default_Handler
                0x08000574                DMA2_Channel7_IRQHandler
                0x08000574                EXTI15_10_IRQHandler
                0x08000574                TIM7_IRQHandler
                0x08000574                SDMMC1_IRQHandler
                0x08000574                TIM5_IRQHandler
                0x08000574                I2C3_EV_IRQHandler
                0x08000574                EXTI9_5_IRQHandler
                0x08000574                RTC_WKUP_IRQHandler
                0x08000574                PVD_PVM_IRQHandler
                0x08000574                SPI2_IRQHandler
                0x08000574                CAN1_TX_IRQHandler
                0x08000574                DMA2_Channel5_IRQHandler
                0x08000574                DMA1_Channel5_IRQHandler
                0x08000574                EXTI4_IRQHandler
                0x08000574                RNG_IRQHandler
                0x08000574                TIM1_TRG_COM_TIM17_IRQHandler
                0x08000574                DMA1_Channel3_IRQHandler
                0x08000574                COMP_IRQHandler
                0x08000574                WWDG_IRQHandler
                0x08000574                LPUART1_IRQHandler
                0x08000574                DMA2_Channel6_IRQHandler
                0x08000574                TIM2_IRQHandler
                0x08000574                EXTI1_IRQHandler
                0x08000574                USART2_IRQHandler
                0x08000574                DFSDM1_FLT0_IRQHandler
                0x08000574                I2C2_ER_IRQHandler
                0x08000574                DMA1_Channel2_IRQHandler
                0x08000574                TIM8_BRK_IRQHandler
                0x08000574                CAN1_SCE_IRQHandler
                0x08000574                FLASH_IRQHandler
                0x08000574                USART1_IRQHandler
                0x08000574                OTG_FS_IRQHandler
                0x08000574                SPI3_IRQHandler
                0x08000574                I2C1_ER_IRQHandler
                0x08000574                FMC_IRQHandler
                0x08000574                SWPMI1_IRQHandler
                0x08000574                LPTIM1_IRQHandler
                0x08000574                SAI1_IRQHandler
                0x08000574                DMA2_Channel3_IRQHandler
                0x08000574                TIM1_BRK_TIM15_IRQHandler
 *fill*         0x08000576        0x2 
 .text.__libc_init_array
                0x08000578       0x48 C:/ST/STM32CubeIDE_1.16.1/STM32CubeIDE/plugins/com.st.stm32cube.ide.mcu.externaltools.gnu-tools-for-stm32.12.3.rel1.win32_1.0.200.202406191623/tools/bin/../lib/gcc/arm-none-eabi/12.3.1/../../../../arm-none-eabi/lib/thumb/v7e-m+fp/hard\libc_nano.a(libc_a-init.o)
                0x08000578                __libc_init_array
 *(.glue_7)
 .glue_7        0x080005c0        0x0 linker stubs
 *(.glue_7t)
 .glue_7t       0x080005c0        0x0 linker stubs
 *(.eh_frame)
 .eh_frame      0x080005c0        0x0 C:/ST/STM32CubeIDE_1.16.1/STM32CubeIDE/plugins/com.st.stm32cube.ide.mcu.externaltools.gnu-tools-for-stm32.12.3.rel1.win32_1.0.200.202406191623/tools/bin/../lib/gcc/arm-none-eabi/12.3.1/thumb/v7e-m+fp/hard/crtbegin.o
 *(.init)
 .init          0x080005c0        0x4 C:/ST/STM32CubeIDE_1.16.1/STM32CubeIDE/plugins/com.st.stm32cube.ide.mcu.externaltools.gnu-tools-for-stm32.12.3.rel1.win32_1.0.200.202406191623/tools/bin/../lib/gcc/arm-none-eabi/12.3.1/thumb/v7e-m+fp/hard/crti.o
                0x080005c0                _init
 .init          0x080005c4        0x8 C:/ST/STM32CubeIDE_1.16.1/STM32CubeIDE/plugins/com.st.stm32cube.ide.mcu.externaltools.gnu-tools-for-stm32.12.3.rel1.win32_1.0.200.202406191623/tools/bin/../lib/gcc/arm-none-eabi/12.3.1/thumb/v7e-m+fp/hard/crtn.o
 *(.fini)
 .fini          0x080005cc        0x4 C:/ST/STM32CubeIDE_1.16.1/STM32CubeIDE/plugins/com.st.stm32cube.ide.mcu.externaltools.gnu-tools-for-stm32.12.3.rel1.win32_1.0.200.202406191623/tools/bin/../lib/gcc/arm-none-eabi/12.3.1/thumb/v7e-m+fp/hard/crti.o
                0x080005cc                _fini
 .fini          0x080005d0        0x8 C:/ST/STM32CubeIDE_1.16.1/STM32CubeIDE/plugins/com.st.stm32cube.ide.mcu.externaltools.gnu-tools-for-stm32.12.3.rel1.win32_1.0.200.202406191623/tools/bin/../lib/gcc/arm-none-eabi/12.3.1/thumb/v7e-m+fp/hard/crtn.o
                0x080005d8                        . = ALIGN (0x4)
                0x080005d8                        _etext = .

.vfp11_veneer   0x080005d8        0x0
 .vfp11_veneer  0x080005d8        0x0 linker stubs

.v4_bx          0x080005d8        0x0
 .v4_bx         0x080005d8        0x0 linker stubs

.iplt           0x080005d8        0x0
 .iplt          0x080005d8        0x0 C:/ST/STM32CubeIDE_1.16.1/STM32CubeIDE/plugins/com.st.stm32cube.ide.mcu.externaltools.gnu-tools-for-stm32.12.3.rel1.win32_1.0.200.202406191623/tools/bin/../lib/gcc/arm-none-eabi/12.3.1/thumb/v7e-m+fp/hard/crtbegin.o

.rodata         0x080005d8        0x0
                0x080005d8                        . = ALIGN (0x4)
 *(.rodata)
 *(.rodata*)
                0x080005d8                        . = ALIGN (0x4)

.ARM.extab      0x080005d8        0x0
                0x080005d8                        . = ALIGN (0x4)
 *(.ARM.extab* .gnu.linkonce.armextab.*)
                0x080005d8                        . = ALIGN (0x4)

.ARM            0x080005d8        0x0
                0x080005d8                        . = ALIGN (0x4)
                0x080005d8                        __exidx_start = .
 *(.ARM.exidx*)
                0x080005d8                        __exidx_end = .
                0x080005d8                        . = ALIGN (0x4)

.preinit_array  0x080005d8        0x0
                0x080005d8                        . = ALIGN (0x4)
                0x080005d8                        PROVIDE (__preinit_array_start = .)
 *(.preinit_array*)
                0x080005d8                        PROVIDE (__preinit_array_end = .)
                0x080005d8                        . = ALIGN (0x4)

.init_array     0x080005d8        0x4
                0x080005d8                        . = ALIGN (0x4)
                0x080005d8                        PROVIDE (__init_array_start = .)
 *(SORT_BY_NAME(.init_array.*))
 *(.init_array*)
 .init_array    0x080005d8        0x4 C:/ST/STM32CubeIDE_1.16.1/STM32CubeIDE/plugins/com.st.stm32cube.ide.mcu.externaltools.gnu-tools-for-stm32.12.3.rel1.win32_1.0.200.202406191623/tools/bin/../lib/gcc/arm-none-eabi/12.3.1/thumb/v7e-m+fp/hard/crtbegin.o
                0x080005dc                        PROVIDE (__init_array_end = .)
                0x080005dc                        . = ALIGN (0x4)

.fini_array     0x080005dc        0x4
                0x080005dc                        . = ALIGN (0x4)
                [!provide]                        PROVIDE (__fini_array_start = .)
 *(SORT_BY_NAME(.fini_array.*))
 *(.fini_array*)
 .fini_array    0x080005dc        0x4 C:/ST/STM32CubeIDE_1.16.1/STM32CubeIDE/plugins/com.st.stm32cube.ide.mcu.externaltools.gnu-tools-for-stm32.12.3.rel1.win32_1.0.200.202406191623/tools/bin/../lib/gcc/arm-none-eabi/12.3.1/thumb/v7e-m+fp/hard/crtbegin.o
                [!provide]                        PROVIDE (__fini_array_end = .)
                0x080005e0                        . = ALIGN (0x4)
                0x080005e0                        _sidata = LOADADDR (.data)

.rel.dyn        0x080005e0        0x0
 .rel.iplt      0x080005e0        0x0 C:/ST/STM32CubeIDE_1.16.1/STM32CubeIDE/plugins/com.st.stm32cube.ide.mcu.externaltools.gnu-tools-for-stm32.12.3.rel1.win32_1.0.200.202406191623/tools/bin/../lib/gcc/arm-none-eabi/12.3.1/thumb/v7e-m+fp/hard/crtbegin.o

.data           0x20000000       0xb8 load address 0x080005e0
                0x20000000                        . = ALIGN (0x4)
                0x20000000                        _sdata = .
 *(.data)
 *(.data*)
 .data.sin_table
                0x20000000       0xb6 ./Core/Src/sine_table.o
                0x20000000                sin_table
 *(.RamFunc)
 *(.RamFunc*)
                0x200000b8                        . = ALIGN (0x4)
 *fill*         0x200000b6        0x2 
                0x200000b8                        _edata = .

.igot.plt       0x200000b8        0x0 load address 0x08000698
 .igot.plt      0x200000b8        0x0 C:/ST/STM32CubeIDE_1.16.1/STM32CubeIDE/plugins/com.st.stm32cube.ide.mcu.externaltools.gnu-tools-for-stm32.12.3.rel1.win32_1.0.200.202406191623/tools/bin/../lib/gcc/arm-none-eabi/12.3.1/thumb/v7e-m+fp/hard/crtbegin.o
                0x200000b8                        . = ALIGN (0x4)

.bss            0x200000b8       0x20 load address 0x08000698
                0x200000b8                        _sbss = .
                0x200000b8                        __bss_start__ = _sbss
 *(.bss)
 .bss           0x200000b8       0x1c C:/ST/STM32CubeIDE_1.16.1/STM32CubeIDE/plugins/com.st.stm32cube.ide.mcu.externaltools.gnu-tools-for-stm32.12.3.rel1.win32_1.0.200.202406191623/tools/bin/../lib/gcc/arm-none-eabi/12.3.1/thumb/v7e-m+fp/hard/crtbegin.o
 *(.bss*)
 .bss.angle     0x200000d4        0x4 ./Core/Src/main.o
                0x200000d4                angle
 *(COMMON)
                0x200000d8                        . = ALIGN (0x4)
                0x200000d8                        _ebss = .
                0x200000d8                        __bss_end__ = _ebss

._user_heap_stack
                0x200000d8      0x600 load address 0x08000698
                0x200000d8                        . = ALIGN (0x8)
                [!provide]                        PROVIDE (end = .)
                0x200000d8                        PROVIDE (_end = .)
                0x200002d8                        . = (. + _Min_Heap_Size)
 *fill*         0x200000d8      0x200 
                0x200006d8                        . = (. + _Min_Stack_Size)
 *fill*         0x200002d8      0x400 
                0x200006d8                        . = ALIGN (0x8)

/DISCARD/
 libc.a(*)
 libm.a(*)
 libgcc.a(*)

.ARM.attributes
                0x00000000       0x30
 *(.ARM.attributes)
 .ARM.attributes
                0x00000000       0x22 C:/ST/STM32CubeIDE_1.16.1/STM32CubeIDE/plugins/com.st.stm32cube.ide.mcu.externaltools.gnu-tools-for-stm32.12.3.rel1.win32_1.0.200.202406191623/tools/bin/../lib/gcc/arm-none-eabi/12.3.1/thumb/v7e-m+fp/hard/crti.o
 .ARM.attributes
                0x00000022       0x34 C:/ST/STM32CubeIDE_1.16.1/STM32CubeIDE/plugins/com.st.stm32cube.ide.mcu.externaltools.gnu-tools-for-stm32.12.3.rel1.win32_1.0.200.202406191623/tools/bin/../lib/gcc/arm-none-eabi/12.3.1/thumb/v7e-m+fp/hard/crtbegin.o
 .ARM.attributes
                0x00000056       0x34 ./Core/Src/main.o
 .ARM.attributes
                0x0000008a       0x34 ./Core/Src/sine_table.o
 .ARM.attributes
                0x000000be       0x34 ./Core/Src/stm32l4xx_it.o
 .ARM.attributes
                0x000000f2       0x34 ./Core/Src/system_stm32l4xx.o
 .ARM.attributes
                0x00000126       0x21 ./Core/Startup/startup_stm32l476rgtx.o
 .ARM.attributes
                0x00000147       0x34 C:/ST/STM32CubeIDE_1.16.1/STM32CubeIDE/plugins/com.st.stm32cube.ide.mcu.externaltools.gnu-tools-for-stm32.12.3.rel1.win32_1.0.200.202406191623/tools/bin/../lib/gcc/arm-none-eabi/12.3.1/../../../../arm-none-eabi/lib/thumb/v7e-m+fp/hard\libc_nano.a(libc_a-init.o)
 .ARM.attributes
                0x0000017b       0x22 C:/ST/STM32CubeIDE_1.16.1/STM32CubeIDE/plugins/com.st.stm32cube.ide.mcu.externaltools.gnu-tools-for-stm32.12.3.rel1.win32_1.0.200.202406191623/tools/bin/../lib/gcc/arm-none-eabi/12.3.1/thumb/v7e-m+fp/hard/crtn.o
OUTPUT(Lab3_Template.elf elf32-littlearm)
LOAD linker stubs
LOAD C:/ST/STM32CubeIDE_1.16.1/STM32CubeIDE/plugins/com.st.stm32cube.ide.mcu.externaltools.gnu-tools-for-stm32.12.3.rel1.win32_1.0.200.202406191623/tools/bin/../lib/gcc/arm-none-eabi/12.3.1/../../../../arm-none-eabi/lib/thumb/v7e-m+fp/hard\libc.a
LOAD C:/ST/STM32CubeIDE_1.16.1/STM32CubeIDE/plugins/com.st.stm32cube.ide.mcu.externaltools.gnu-tools-for-stm32.12.3.rel1.win32_1.0.200.202406191623/tools/bin/../lib/gcc/arm-none-eabi/12.3.1/../../../../arm-none-eabi/lib/thumb/v7e-m+fp/hard\libm.a
LOAD C:/ST/STM32CubeIDE_1.16.1/STM32CubeIDE/plugins/com.st.stm32cube.ide.mcu.externaltools.gnu-tools-for-stm32.12.3.rel1.win32_1.0.200.202406191623/tools/bin/../lib/gcc/arm-none-eabi/12.3.1/thumb/v7e-m+fp/hard\libgcc.a

.debug_info     0x00000000     0x1464
 .debug_info    0x00000000      0xcd9 ./Core/Src/main.o
 .debug_info    0x00000cd9       0xb2 ./Core/Src/sine_table.o
 .debug_info    0x00000d8b       0xf8 ./Core/Src/stm32l4xx_it.o
 .debug_info    0x00000e83      0x5b1 ./Core/Src/system_stm32l4xx.o
 .debug_info    0x00001434       0x30 ./Core/Startup/startup_stm32l476rgtx.o

.debug_abbrev   0x00000000      0x3f1
 .debug_abbrev  0x00000000      0x201 ./Core/Src/main.o
 .debug_abbrev  0x00000201       0x6b ./Core/Src/sine_table.o
 .debug_abbrev  0x0000026c       0x47 ./Core/Src/stm32l4xx_it.o
 .debug_abbrev  0x000002b3      0x11a ./Core/Src/system_stm32l4xx.o
 .debug_abbrev  0x000003cd       0x24 ./Core/Startup/startup_stm32l476rgtx.o

.debug_aranges  0x00000000      0x118
 .debug_aranges
                0x00000000       0x58 ./Core/Src/main.o
 .debug_aranges
                0x00000058       0x18 ./Core/Src/sine_table.o
 .debug_aranges
                0x00000070       0x58 ./Core/Src/stm32l4xx_it.o
 .debug_aranges
                0x000000c8       0x28 ./Core/Src/system_stm32l4xx.o
 .debug_aranges
                0x000000f0       0x28 ./Core/Startup/startup_stm32l476rgtx.o

.debug_rnglists
                0x00000000       0xaf
 .debug_rnglists
                0x00000000       0x3f ./Core/Src/main.o
 .debug_rnglists
                0x0000003f       0x3d ./Core/Src/stm32l4xx_it.o
 .debug_rnglists
                0x0000007c       0x1a ./Core/Src/system_stm32l4xx.o
 .debug_rnglists
                0x00000096       0x19 ./Core/Startup/startup_stm32l476rgtx.o

.debug_macro    0x00000000    0x242b7
 .debug_macro   0x00000000      0x1cf ./Core/Src/main.o
 .debug_macro   0x000001cf      0xab4 ./Core/Src/main.o
 .debug_macro   0x00000c83       0x2e ./Core/Src/main.o
 .debug_macro   0x00000cb1       0x28 ./Core/Src/main.o
 .debug_macro   0x00000cd9       0x22 ./Core/Src/main.o
 .debug_macro   0x00000cfb       0x8e ./Core/Src/main.o
 .debug_macro   0x00000d89       0x51 ./Core/Src/main.o
 .debug_macro   0x00000dda      0x103 ./Core/Src/main.o
 .debug_macro   0x00000edd       0x6a ./Core/Src/main.o
 .debug_macro   0x00000f47      0x1df ./Core/Src/main.o
 .debug_macro   0x00001126       0x1c ./Core/Src/main.o
 .debug_macro   0x00001142       0x22 ./Core/Src/main.o
 .debug_macro   0x00001164       0xfb ./Core/Src/main.o
 .debug_macro   0x0000125f     0x1011 ./Core/Src/main.o
 .debug_macro   0x00002270      0x11f ./Core/Src/main.o
 .debug_macro   0x0000238f    0x1a17a ./Core/Src/main.o
 .debug_macro   0x0001c509       0x6d ./Core/Src/main.o
 .debug_macro   0x0001c576      0x1a7 ./Core/Src/main.o
 .debug_macro   0x0001c71d     0x38fb ./Core/Src/main.o
 .debug_macro   0x00020018      0x189 ./Core/Src/main.o
 .debug_macro   0x000201a1       0x5c ./Core/Src/main.o
 .debug_macro   0x000201fd     0x159e ./Core/Src/main.o
 .debug_macro   0x0002179b      0x5a5 ./Core/Src/main.o
 .debug_macro   0x00021d40      0x1b9 ./Core/Src/main.o
 .debug_macro   0x00021ef9      0x18b ./Core/Src/main.o
 .debug_macro   0x00022084      0x26b ./Core/Src/main.o
 .debug_macro   0x000222ef      0x23d ./Core/Src/main.o
 .debug_macro   0x0002252c      0x241 ./Core/Src/main.o
 .debug_macro   0x0002276d      0x37c ./Core/Src/main.o
 .debug_macro   0x00022ae9       0xd6 ./Core/Src/main.o
 .debug_macro   0x00022bbf      0x22c ./Core/Src/main.o
 .debug_macro   0x00022deb       0x61 ./Core/Src/main.o
 .debug_macro   0x00022e4c       0xa5 ./Core/Src/main.o
 .debug_macro   0x00022ef1      0x122 ./Core/Src/main.o
 .debug_macro   0x00023013      0x3ef ./Core/Src/main.o
 .debug_macro   0x00023402      0x5cf ./Core/Src/main.o
 .debug_macro   0x000239d1       0x44 ./Core/Src/main.o
 .debug_macro   0x00023a15      0x330 ./Core/Src/main.o
 .debug_macro   0x00023d45      0x1cf ./Core/Src/sine_table.o
 .debug_macro   0x00023f14      0x1de ./Core/Src/stm32l4xx_it.o
 .debug_macro   0x000240f2      0x1c5 ./Core/Src/system_stm32l4xx.o

.debug_line     0x00000000     0x2081
 .debug_line    0x00000000      0x8ed ./Core/Src/main.o
 .debug_line    0x000008ed      0x736 ./Core/Src/sine_table.o
 .debug_line    0x00001023      0x7fa ./Core/Src/stm32l4xx_it.o
 .debug_line    0x0000181d      0x7ea ./Core/Src/system_stm32l4xx.o
 .debug_line    0x00002007       0x7a ./Core/Startup/startup_stm32l476rgtx.o

.debug_str      0x00000000    0xe31ff
 .debug_str     0x00000000    0xe2f27 ./Core/Src/main.o
                              0xe32e3 (size before relaxing)
 .debug_str     0x000e2f27       0x19 ./Core/Src/sine_table.o
                              0xe2a6b (size before relaxing)
 .debug_str     0x000e2f40      0x1dd ./Core/Src/stm32l4xx_it.o
                              0xe2c03 (size before relaxing)
 .debug_str     0x000e311d       0x9e ./Core/Src/system_stm32l4xx.o
                              0xe2c87 (size before relaxing)
 .debug_str     0x000e31bb       0x44 ./Core/Startup/startup_stm32l476rgtx.o
                                 0xa5 (size before relaxing)

.comment        0x00000000       0x43
 .comment       0x00000000       0x43 ./Core/Src/main.o
                                 0x44 (size before relaxing)
 .comment       0x00000043       0x44 ./Core/Src/sine_table.o
 .comment       0x00000043       0x44 ./Core/Src/stm32l4xx_it.o
 .comment       0x00000043       0x44 ./Core/Src/system_stm32l4xx.o

.debug_frame    0x00000000      0x298
 .debug_frame   0x00000000      0x12c ./Core/Src/main.o
 .debug_frame   0x0000012c       0xe8 ./Core/Src/stm32l4xx_it.o
 .debug_frame   0x00000214       0x58 ./Core/Src/system_stm32l4xx.o
 .debug_frame   0x0000026c       0x2c C:/ST/STM32CubeIDE_1.16.1/STM32CubeIDE/plugins/com.st.stm32cube.ide.mcu.externaltools.gnu-tools-for-stm32.12.3.rel1.win32_1.0.200.202406191623/tools/bin/../lib/gcc/arm-none-eabi/12.3.1/../../../../arm-none-eabi/lib/thumb/v7e-m+fp/hard\libc_nano.a(libc_a-init.o)

.debug_line_str
                0x00000000       0x89
 .debug_line_str
                0x00000000       0x89 ./Core/Startup/startup_stm32l476rgtx.o
